// Vitest Snapshot v1, https://vitest.dev/guide/snapshot.html

exports[`Control Pad > should match snapshot 1`] = `
<div
  className="calculator"
>
  <input
    aria-label="Display for the current calculator number"
    className="calculator-display"
    id="calc-display"
    onChange={[Function]}
    type="number"
  />
  <section
    className="control-pad"
  >
    <button
      aria-label="Clear"
      className="clear"
      onClick={[Function]}
    >
      Clear
    </button>
    <button
      aria-label="Flip Sign"
      className="flipSign"
      onClick={[Function]}
    >
      Flip Sign
    </button>
    <button
      aria-label="Percent"
      className="percent"
      onClick={[Function]}
    >
      Percent
    </button>
    <button
      aria-label="Divide"
      className="divide"
      onClick={[Function]}
    >
      Divide
    </button>
    <button
      aria-label="Seven"
      className="seven"
      onClick={[Function]}
    >
      Seven
    </button>
    <button
      aria-label="Eight"
      className="eight"
      onClick={[Function]}
    >
      Eight
    </button>
    <button
      aria-label="Nine"
      className="nine"
      onClick={[Function]}
    >
      Nine
    </button>
    <button
      aria-label="Multiply"
      className="multiply"
      onClick={[Function]}
    >
      Multiply
    </button>
    <button
      aria-label="Four"
      className="four"
      onClick={[Function]}
    >
      Four
    </button>
    <button
      aria-label="Five"
      className="five"
      onClick={[Function]}
    >
      Five
    </button>
    <button
      aria-label="Six"
      className="six"
      onClick={[Function]}
    >
      Six
    </button>
    <button
      aria-label="Subtract"
      className="subtract"
      onClick={[Function]}
    >
      Subtract
    </button>
    <button
      aria-label="One"
      className="one"
      onClick={[Function]}
    >
      One
    </button>
    <button
      aria-label="Two"
      className="two"
      onClick={[Function]}
    >
      Two
    </button>
    <button
      aria-label="Three"
      className="three"
      onClick={[Function]}
    >
      Three
    </button>
    <button
      aria-label="Sum"
      className="sum"
      onClick={[Function]}
    >
      Sum
    </button>
    <button
      aria-label="Zero"
      className="zero"
      onClick={[Function]}
    >
      Zero
    </button>
    <button
      aria-label="Period"
      className="period"
      onClick={[Function]}
    >
      Period
    </button>
    <button
      aria-label="Equals"
      className="equals"
      onClick={[Function]}
    >
      Equals
    </button>
  </section>
</div>
`;
